error: Invalid attribute: expected one of: `default`, `catch_all`, `alternatives`
 --> tests/try_build/compile_fail/garbage_attribute.rs:5:5
  |
5 |     #[num_enum(garbage)]
  |     ^^^^^^^^^^^^^^^^^^^^
